// Jest Snapshot v1, https://goo.gl/fbAQLP

exports[`Lang should match snapshot 1`] = `
<div>
  <input
    onClick={[Function]}
    type="button"
    value="Switch to french"
  />
  <img
    alt=""
    src="img"
  />
</div>
`;

exports[`Language should match snapshot 1`] = `
<div>
  <Lang
    i18n={
      Object {
        "changeLanguage": [MockFunction],
        "t": [MockFunction],
      }
    }
    img="/static/build/329f5c89d4f13938971b9b0d8d35f296.png"
    lng="fr"
    name="french"
    t={[MockFunction]}
  />
  <Lang
    i18n={
      Object {
        "changeLanguage": [MockFunction],
        "t": [MockFunction],
      }
    }
    img="/static/build/1b46775dab5a7245b5969a5aa84e0dff.png"
    lng="en"
    name="english"
    t={[MockFunction]}
  />
</div>
`;
