// Jest Snapshot v1, https://goo.gl/fbAQLP

exports[`Lang should match snapshot 1`] = `
.emotion-0 {
  width: 100%;
}

<Styled(div)
  main={false}
>
  <Styled(img)
    alt="fr"
    className="emotion-0"
    src="/static/build/329f5c89d4f13938971b9b0d8d35f296.png"
  />
  <Styled(span)>
    FR
  </Styled(span)>
</Styled(div)>
`;

exports[`Languages should match snapshot 1`] = `
.emotion-0 {
  background-color: Transparent;
  border: none;
  cursor: pointer;
  outline: none;
  overflow: hidden;
  padding: 0;
  width: 133px;
  height: 60px;
}

<Styled(div)
  className=""
>
  <Lang
    className="
  width: 133px;
  height: 60px;
"
    lng="fr"
    main={true}
  />
  <Styled(div)>
    <button
      className="emotion-0"
      key="en"
      onClick={[Function]}
    >
      <Lang
        className="
  width: 133px;
  height: 60px;
"
        lng="en"
        main={false}
      />
    </button>
  </Styled(div)>
</Styled(div)>
`;
