// Jest Snapshot v1, https://goo.gl/fbAQLP

exports[`Form should match snapshot when mounting 1`] = `
<Form
  className=""
  error="One error"
  handleSubmit={[Function]}
  pristine={false}
  reset={[Function]}
  submitting={false}
  warning="One warning"
>
  <form
    className=""
    onSubmit={[Function]}
  >
    <div />
    <Warning
      warning="One warning"
    >
      <div>
        One warning
      </div>
    </Warning>
    <Error
      error="One error"
    >
      <div>
        One error
      </div>
    </Error>
  </form>
</Form>
`;
