// Jest Snapshot v1, https://goo.gl/fbAQLP

exports[`PlainSignInForm should match snapshot 1`] = `
.emotion-0 {
  width: 520px;
}

.emotion-0 > * {
  margin-bottom: 23px;
}

<Form
  className="emotion-0"
  error={Array []}
  handleSubmit={[MockFunction]}
  warning={Array []}
>
  <Component />
  <Component />
  <Styled(div)>
    <LinkRoutes
      route="password-forgotten"
    >
      <Styled(a) />
    </LinkRoutes>
    <RoundButton
      className=""
      text=""
      type="submit"
    />
  </Styled(div)>
</Form>
`;
